
> client@1.0.0-alpha build
> vite build

[36mvite v7.3.1 [32mbuilding client environment for production...[36m[39m
transforming...
node.exe : 
[33m[plugin 
vite:esbuild] src/compo
nents/InspectModal.jsx:
 [33mDuplicate key 
"border" in object 
literal[33m
No C:\Program Files\nod
ejs\npm.ps1:29 
caractere:3
+   & $NODE_EXE 
$NPM_CLI_JS $args
+   ~~~~~~~~~~~~~~~~~~~
~~~~~~~~~~
    + CategoryInfo     
         : 
NotSpecified:     
([33m[plugin vi...c   
 t literal[33m:Strin  
  g) [], RemoteExcepti 
   on
    + 
FullyQualifiedErro    
rId : NativeCommandE   
 rror
 
536 |                  
                    
letterSpacing: '1.5px',
537 |                  
                    
transition: '0.3s',
538 |                  
                    
border: activeTab === 
tab ? '1px solid 
var(--border-active)' 
: '1px solid transpa...
    |                  
                    ^
539 |                  
                    
minWidth: '80px',
540 |                  
                    
display: 'flex',
[39m
[33m[plugin 
vite:esbuild] src/compo
nents/MarketPanel.jsx: 
[33mDuplicate key 
"border" in object 
literal[33m
1064 |                 
                 
background: activeTab 
=== 'BUY' ? 
'var(--accent-soft)' : 
'transparent',
1065 |                 
                 
color: activeTab === 
'BUY' ? 
'var(--accent)' : 
'var(--text-dim)',
1066 |                 
                 
border: activeTab === 
'BUY' ? '1px solid 
var(--accent)' : '1px 
solid transparent',
     |                 
                 ^
1067 |                 
                 
transition: '0.2s'
1068 |                 
             }}>
[39m
[33m[plugin 
vite:esbuild] src/compo
nents/MarketPanel.jsx: 
[33mDuplicate key 
"border" in object 
literal[33m
1080 |                 
                 
background: activeTab 
=== 'BUY_ORDERS' ? 
'var(--accent-soft)' : 
'transparent',
1081 |                 
                 
color: activeTab === 
'BUY_ORDERS' ? 
'var(--accent)' : 
'var(--text-dim)',
1082 |                 
                 
border: activeTab === 
'BUY_ORDERS' ? '1px 
solid var(--accent)' : 
'1px solid transpare...
     |                 
                 ^
1083 |                 
                 
transition: '0.2s'
1084 |                 
             }}>
[39m
[33m[plugin 
vite:esbuild] src/compo
nents/MarketPanel.jsx: 
[33mDuplicate key 
"border" in object 
literal[33m
1096 |                 
                 
background: activeTab 
=== 'MY_ORDERS' ? 
'var(--accent-soft)' : 
'transparent',
1097 |                 
                 
color: activeTab === 
'MY_ORDERS' ? 
'var(--accent)' : 
'var(--text-dim)',
1098 |                 
                 
border: activeTab === 
'MY_ORDERS' ? '1px 
solid var(--accent)' : 
'1px solid 
transparent',
     |                 
                 ^
1099 |                 
                 
transition: '0.2s'
1100 |                 
             }}>
[39m
[33m[plugin 
vite:esbuild] src/compo
nents/MarketPanel.jsx: 
[33mDuplicate key 
"border" in object 
literal[33m
1112 |                 
                 
background: activeTab 
=== 'SELL' ? 
'var(--accent-soft)' : 
'transparent',
1113 |                 
                 
color: activeTab === 
'SELL' ? 
'var(--accent)' : 
'var(--text-dim)',
1114 |                 
                 
border: activeTab === 
'SELL' ? '1px solid 
var(--accent)' : '1px 
solid transparent',
     |                 
                 ^
1115 |                 
                 
transition: '0.2s'
1116 |                 
             }}>
[39m
[33m[plugin 
vite:esbuild] src/compo
nents/MarketPanel.jsx: 
[33mDuplicate key 
"border" in object 
literal[33m
1129 |                 
                 
background: activeTab 
=== 'CLAIM' ? 
'var(--accent-soft)' : 
'transparent',
1130 |                 
                 
color: activeTab === 
'CLAIM' ? 
'var(--accent)' : 
'var(--text-dim)',
1131 |                 
                 
border: activeTab === 
'CLAIM' ? '1px solid 
var(--accent)' : '1px 
solid transparent',
     |                 
                 ^
1132 |                 
                 
transition: '0.2s'
1133 |                 
             }}>
[39m
[33m[plugin 
vite:esbuild] src/compo
nents/MarketPanel.jsx: 
[33mDuplicate key 
"border" in object 
literal[33m
1161 |                 
                 
background: activeTab 
=== 'HISTORY' ? 
'var(--accent-soft)' : 
'transparent',
1162 |                 
                 
color: activeTab === 
'HISTORY' ? 
'var(--accent)' : 
'var(--text-dim)',
1163 |                 
                 
border: activeTab === 
'HISTORY' ? '1px solid 
var(--accent)' : '1px 
solid transparent',
     |                 
                 ^
1164 |                 
                 
transition: '0.2s'
1165 |                 
             }}>
[39m
[33m[plugin 
vite:esbuild] src/compo
nents/MarketPanel.jsx: 
[33mDuplicate key 
"border" in object 
literal[33m
1449 |                 
                       
                  
fontSize: '0.8rem',
1450 |                 
                       
                  
minWidth: '100px',
1451 |                 
                       
                  
border: `1px solid 
${silver < (() => {
     |                 
                       
                  ^
1452 |                 
                       
                      
const nAmt = ((typeof 
l.amount === 'object' 
&& l.amount !...
1453 |                 
                       
                      
return l.price / nAmt;
[39m
[33m[plugin 
vite:esbuild] src/compo
nents/MarketPanel.jsx: 
[33mDuplicate key 
"border" in object 
literal[33m
1921 |                 
                       
                      
fontSize: '0.8rem',
1922 |                 
                       
                      
minWidth: '100px',
1923 |                 
                       
                      
border: '1px solid 
rgba(255, 68, 68, 
0.3)',
     |                 
                       
                      ^
1924 |                 
                       
                      
display: 'flex',
1925 |                 
                       
                      
alignItems: 'center',
[39m
[32mΓ£ô[39m 2264 modules transformed.
[33m[plugin 
vite:reporter] 
(!) C:/Users/Administra
tor/Desktop/Jogo/eterna
lidle/client/src/servic
es/PushService.js is 
dynamically imported 
by C:/Users/Administrat
or/Desktop/Jogo/eternal
idle/client/src/compone
nts/SettingsModal.jsx, 
C:/Users/Administrator/
Desktop/Jogo/eternalidl
e/client/src/components
/SettingsModal.jsx but 
also statically 
imported by C:/Users/Ad
ministrator/Desktop/Jog
o/eternalidle/client/sr
c/App.jsx, dynamic 
import will not move 
module into another 
chunk.
[39m
rendering chunks...
computing gzip size...
[2mdist/[22m[32mregisterSW.js                             [39m[1m[2m    0.13 kB[22m[1m[22m
[2mdist/[22m[32mmanifest.webmanifest                      [39m[1m[2m    0.48 kB[22m[1m[22m
[2mdist/[22m[32mindex.html                                [39m[1m[2m    1.06 kB[22m[1m[22m[2m Γöé gzip:   0.54 kB[22m
[2mdist/[22m[32massets/1 - female-pT0Q1BYM.webp           [39m[1m[2m   54.65 kB[22m[1m[22m
[2mdist/[22m[32massets/espada-do-heroi-PbpWBnSz.webp      [39m[1m[2m   57.81 kB[22m[1m[22m
[2mdist/[22m[32massets/lua-cheia-l3P7dKj0.webp            [39m[1m[2m   62.94 kB[22m[1m[22m
[2mdist/[22m[32massets/noite-sem-fim-D6ghrwop.webp        [39m[1m[2m   71.40 kB[22m[1m[22m
[2mdist/[22m[32massets/medieval-DLOD7vVv.webp             [39m[1m[2m   87.60 kB[22m[1m[22m
[2mdist/[22m[32massets/2 - female-B0nifnwC.webp           [39m[1m[2m  108.27 kB[22m[1m[22m
[2mdist/[22m[32massets/2 - male-Ng1Fv8Pi.webp             [39m[1m[2m  115.58 kB[22m[1m[22m
[2mdist/[22m[32massets/4 - male-CKzODk5-.webp             [39m[1m[2m  136.44 kB[22m[1m[22m
[2mdist/[22m[32massets/castelos-crepusculo-Dpgnf2l1.webp  [39m[1m[2m  136.57 kB[22m[1m[22m
[2mdist/[22m[32massets/3 - male-BNctT_JL.webp             [39m[1m[2m  140.25 kB[22m[1m[22m
[2mdist/[22m[32massets/3 - female-P7zezadQ.webp           [39m[1m[2m  142.11 kB[22m[1m[22m
[2mdist/[22m[32massets/4 - female-_p-KqzV1.webp           [39m[1m[2m  143.90 kB[22m[1m[22m
[2mdist/[22m[32massets/floresta-proibida-BBY1lt_z.webp    [39m[1m[2m  156.68 kB[22m[1m[22m
[2mdist/[22m[32massets/ceu-noturno-DYmOb_GU.webp          [39m[1m[2m  170.62 kB[22m[1m[22m
[2mdist/[22m[32massets/cidade-medieval-JMY61bbF.webp      [39m[1m[2m  177.19 kB[22m[1m[22m
[2mdist/[22m[32massets/campo-lua-cheia-DUvOMavT.webp      [39m[1m[2m  192.92 kB[22m[1m[22m
[2mdist/[22m[32massets/5 - male-BMFAFy-u.webp             [39m[1m[2m  201.11 kB[22m[1m[22m
[2mdist/[22m[32massets/1 - male-BqsIPjv_.webp             [39m[1m[2m  216.71 kB[22m[1m[22m
[2mdist/[22m[32massets/5 - female-Dxv11J8G.webp           [39m[1m[2m  290.26 kB[22m[1m[22m
[2mdist/[22m[35massets/index-sJ_ZTEYB.css                 [39m[1m[2m    9.34 kB[22m[1m[22m[2m Γöé gzip:   2.60 kB[22m
[2mdist/[22m[36massets/index-kWU6cRoM.js                  [39m[1m[33m1,660.97 kB[39m[22m[2m Γöé gzip: 398.56 kB[22m
[33m
(!) Some chunks are 
larger than 500 kB 
after minification. 
Consider:
- Using dynamic 
import() to code-split 
the application
- Use build.rollupOptio
ns.output.manualChunks 
to improve chunking: ht
tps://rollupjs.org/conf
iguration-options/#outp
ut-manualchunks
- Adjust chunk size 
limit for this warning 
via build.chunkSizeWarn
ingLimit.[39m
[32mΓ£ô built in 25.64s[39m

PWA v1.2.0
mode      generateSW
precache  676 entries (51208.50 KiB)
files generated
  dist/sw.js
  dist/workbox-1d305bb8.js
