Verificando resolu├º├úo das pedras de off-hand:
Ô£à [ENHANCEMENT_STONE_MAGE_OFF_HAND] Resolvido com sucesso: Mage Off-Hand Enhancement Stone
   ├ìcone correto: /items/ORB.webp
Ô£à [ENHANCEMENT_STONE_WARRIOR_OFF_HAND] Resolvido com sucesso: Warrior Off-Hand Enhancement Stone
   ├ìcone correto: /items/ORB.webp
Ô£à [ENHANCEMENT_STONE_HUNTER_OFF_HAND] Resolvido com sucesso: Hunter Off-Hand Enhancement Stone
   ├ìcone correto: /items/ORB.webp
