[ACTIVITY-INIT] ITEM_LOOKUP size: 2339, POTION keys: 90
=== Testing Activity Catchup (Auto-Refine Bug) ===
Initial next_action_at: 2026-03-21T04:44:20.252Z
node : 
[CATCHUP-CRASH] 
Critical error 
processing 
character Tester: 
RangeError: Invalid 
time value
No linha:1 
caractere:1
+ node "server\tests
\test_catchup.js" > 
test_output.txt 2>&1
+ ~~~~~~~~~~~~~~~~~~
~~~~~~~~~~~~~~~~~~~~
~~~~~~~~~~~~~~~~~~~~
    + CategoryInfo  
            : 
NotSpecified    : 
([CATCHUP-CRASH].   
 ..alid time 
value:S    tring) 
[], RemoteEx    
ception
    + 
FullyQualifiedErr   
 orId : 
NativeComman    
dError
 
    at 
Date.toISOString 
(<anonymous>)
    at CatchupManage
r.processCatchup (fi
le:///C:/Users/Clien
te/Desktop/projetinh
o/eternalidle/server
/managers/CatchupMan
ager.js:147:64)
    at 
testActivityCatchup 
(file:///C:/Users/Cl
iente/Desktop/projet
inho/eternalidle/ser
ver/tests/test_catch
up.js:66:26)
    at runTests (fil
e:///C:/Users/Client
e/Desktop/projetinho
/eternalidle/server/
tests/test_catchup.j
s:137:11)
    at file:///C:/Us
ers/Cliente/Desktop/
projetinho/eternalid
le/server/tests/test
_catchup.js:142:1
    at 
ModuleJob.run (node:
internal/modules/esm
/module_job:377:25)
    at async onImpor
t.tracePromise.__pro
to__ (node:internal/
modules/esm/loader:6
71:26)
    at async asyncRu
nEntryPointWithESMLo
ader (node:internal/
modules/run_main:101
:5)
Final next_action_at: 2026-03-21T04:44:20.252Z
Ô£à SUCCESS: Activity timer is in the past or present (Not stuck in the future!)

=== Testing Combat Catchup (Burst Bug) ===
Initial player_next_attack_at: 2026-03-21T04:44:20.258Z
[CATCHUP-CRASH] 
Critical error 
processing 
character Tester: 
RangeError: Invalid 
time value
    at 
Date.toISOString 
(<anonymous>)
    at CatchupManage
r.processCatchup (fi
le:///C:/Users/Clien
te/Desktop/projetinh
o/eternalidle/server
/managers/CatchupMan
ager.js:147:64)
    at 
testCombatCatchup (f
ile:///C:/Users/Clie
nte/Desktop/projetin
ho/eternalidle/serve
r/tests/test_catchup
.js:115:26)
    at runTests (fil
e:///C:/Users/Client
e/Desktop/projetinho
/eternalidle/server/
tests/test_catchup.j
s:138:11)
Final player_next_attack_at: 2026-03-21T04:44:20.258Z
ÔØî FAILED: Combat 
timer is offset by 
35997 seconds from 
expected Date.now()!
